Godot Engine v4.6.3.stable.official.7d41c59c4 - https://godotengine.org


--- Script: 15 saniye doldu, Godot sonlandirildi ---
